---
source: tests/apostle_extraction.rs
expression: md
---
1. [45](/login) [Assessing Claude Mythos Preview’s cybersecurity capabilities](https://red.anthropic.com/2026/mythos-preview/) [security](/t/security) [vibecoding](/t/vibecoding) [red.anthropic.com](/domains/red.anthropic.com) [Archive.org](https://web.archive.org/web/3/https%3A%2F%2Fred.anthropic.com%2F2026%2Fmythos-preview%2F) | [Ghostarchive](https://ghostarchive.org/search?term=https%3A%2F%2Fred.anthropic.com%2F2026%2Fmythos-preview%2F) [14](/s/aw2jr4/assessing_claude_mythos_preview_s)
2. [38](/login) [The Last Quiet Thing](https://www.terrygodier.com/the-last-quiet-thing) [hardware](/t/hardware) [terrygodier.com](/domains/terrygodier.com) [Archive.org](https://web.archive.org/web/3/https%3A%2F%2Fwww.terrygodier.com%2Fthe-last-quiet-thing) | [Ghostarchive](https://ghostarchive.org/search?term=https%3A%2F%2Fwww.terrygodier.com%2Fthe-last-quiet-thing) [8](/s/enkaal/last_quiet_thing)
3. [37](/login) [What text editor (cli or gui) are you using for writing non-code?](/s/vq6o44/what_text_editor_cli_gui_are_you_using_for) [&#x2636;](/s/vq6o44/what_text_editor_cli_gui_are_you_using_for) [ask](/t/ask) [practices](/t/practices) [103](/s/vq6o44/what_text_editor_cli_gui_are_you_using_for)
4. [24](/login) [Nix security advisory: Privilege escalation via symlink following during FOD output registration](https://discourse.nixos.org/t/nix-security-advisory-privilege-escalation-via-symlink-following-during-fod-output-registration/76900) [nix](/t/nix) [security](/t/security) [discourse.nixos.org](/domains/discourse.nixos.org) [Archive.org](https://web.archive.org/web/3/https%3A%2F%2Fdiscourse.nixos.org%2Ft%2Fnix-security-advisory-privilege-escalation-via-symlink-following-during-fod-output-registration%2F76900) | [Ghostarchive](https://ghostarchive.org/search?term=https%3A%2F%2Fdiscourse.nixos.org%2Ft%2Fnix-security-advisory-privilege-escalation-via-symlink-following-during-fod-output-registration%2F76900) [2](/s/lwdzn1/nix_security_advisory_privilege)
5. [31](/login) [Blackholing My Email](https://www.johnsto.co.uk/blog/blackholing-my-email/) [email](/t/email) [historical](/t/historical) [johnsto.co.uk](/domains/johnsto.co.uk) [Archive.org](https://web.archive.org/web/3/https%3A%2F%2Fwww.johnsto.co.uk%2Fblog%2Fblackholing-my-email%2F) | [Ghostarchive](https://ghostarchive.org/search?term=https%3A%2F%2Fwww.johnsto.co.uk%2Fblog%2Fblackholing-my-email%2F) [0](/s/m5ufxm/blackholing_my_email)
6. [13](/login) [All of the String types](https://lambdalemon.gay/posts/string-types) [rust](/t/rust) [lambdalemon.gay](/domains/lambdalemon.gay) [Archive.org](https://web.archive.org/web/3/https%3A%2F%2Flambdalemon.gay%2Fposts%2Fstring-types) | [Ghostarchive](https://ghostarchive.org/search?term=https%3A%2F%2Flambdalemon.gay%2Fposts%2Fstring-types) [9](/s/khf0ye/all_string_types)
7. [106](/login) [The Downfall and Enshittification of Microsoft in 2026](https://caio.ca/blog/the-downfall-and-enshittification-of-microsoft.html) [linux](/t/linux) [mac](/t/mac) [windows](/t/windows) [caio.ca](/domains/caio.ca) [Archive.org](https://web.archive.org/web/3/https%3A%2F%2Fcaio.ca%2Fblog%2Fthe-downfall-and-enshittification-of-microsoft.html) | [Ghostarchive](https://ghostarchive.org/search?term=https%3A%2F%2Fcaio.ca%2Fblog%2Fthe-downfall-and-enshittification-of-microsoft.html) [42](/s/jxw4nj/downfall_enshittification_microsoft)
8. [41](/login) [OpenSSH begins warning for non-PQC key exchanges](https://www.openssh.com/pq.html) [networking](/t/networking) [security](/t/security) [openssh.com](/domains/openssh.com) [Archive.org](https://web.archive.org/web/3/https%3A%2F%2Fwww.openssh.com%2Fpq.html) | [Ghostarchive](https://ghostarchive.org/search?term=https%3A%2F%2Fwww.openssh.com%2Fpq.html) [18](/s/edkm8d/openssh_begins_warning_for_non_pqc_key)
9. [2](/login) [Applying &quot;Programming Without Pointers&quot; to an mbox indexer using Zig](https://simonhartcher.com/posts/2026-04-08-applying-programming-without-pointers-to-an-mbox-indexer-using-zig) [email](/t/email) [zig](/t/zig) [simonhartcher.com](/domains/simonhartcher.com) [Archive.org](https://web.archive.org/web/3/https%3A%2F%2Fsimonhartcher.com%2Fposts%2F2026-04-08-applying-programming-without-pointers-to-an-mbox-indexer-using-zig) | [Ghostarchive](https://ghostarchive.org/search?term=https%3A%2F%2Fsimonhartcher.com%2Fposts%2F2026-04-08-applying-programming-without-pointers-to-an-mbox-indexer-using-zig) [2](/s/ejaimk/applying_programming_without_pointers)
10. [74](/login) [The Seed Beneath the Snow](https://eli.li/the-seed-beneath-the-snow) [practices](/t/practices) [eli.li](/domains/eli.li) [Archive.org](https://web.archive.org/web/3/https%3A%2F%2Feli.li%2Fthe-seed-beneath-the-snow) | [Ghostarchive](https://ghostarchive.org/search?term=https%3A%2F%2Feli.li%2Fthe-seed-beneath-the-snow) [5](/s/fibtuz/seed_beneath_snow)
11. [32](/login) [The Great Nix Flake Check](https://goldstein.lol/posts/great-nix-flake-check/) [nix](/t/nix) [goldstein.lol](/domains/goldstein.lol) [Archive.org](https://web.archive.org/web/3/https%3A%2F%2Fgoldstein.lol%2Fposts%2Fgreat-nix-flake-check%2F) | [Ghostarchive](https://ghostarchive.org/search?term=https%3A%2F%2Fgoldstein.lol%2Fposts%2Fgreat-nix-flake-check%2F) [3](/s/ltdyov/great_nix_flake_check)
12. [30](/login) [Plan 9 is a Uniquely Complete Operating System](https://posixcafe.org/blogs/2024/07/27/0/) [osdev](/t/osdev) [posixcafe.org](/domains/posixcafe.org) [Archive.org](https://web.archive.org/web/3/https%3A%2F%2Fposixcafe.org%2Fblogs%2F2024%2F07%2F27%2F0%2F) | [Ghostarchive](https://ghostarchive.org/search?term=https%3A%2F%2Fposixcafe.org%2Fblogs%2F2024%2F07%2F27%2F0%2F) [12](/s/fxmqsf/plan_9_is_uniquely_complete_operating)
13. [14](/login) [Two Years of Valkey](https://redmonk.com/sogrady/2026/04/06/valkey-at-two/) [distributed](/t/distributed) [redmonk.com](/domains/redmonk.com) [Archive.org](https://web.archive.org/web/3/https%3A%2F%2Fredmonk.com%2Fsogrady%2F2026%2F04%2F06%2Fvalkey-at-two%2F) | [Ghostarchive](https://ghostarchive.org/search?term=https%3A%2F%2Fredmonk.com%2Fsogrady%2F2026%2F04%2F06%2Fvalkey-at-two%2F) [4](/s/8s4tuz/two_years_valkey)
14. [5](/login) [1SubML: Plan vs Reality](https://blog.polybdenum.com/2026/04/05/1subml-plan-vs-reality.html) [plt](/t/plt) [blog.polybdenum.com](/domains/blog.polybdenum.com) [Archive.org](https://web.archive.org/web/3/https%3A%2F%2Fblog.polybdenum.com%2F2026%2F04%2F05%2F1subml-plan-vs-reality.html) | [Ghostarchive](https://ghostarchive.org/search?term=https%3A%2F%2Fblog.polybdenum.com%2F2026%2F04%2F05%2F1subml-plan-vs-reality.html) [0](/s/f3qxk6/1subml_plan_vs_reality)
15. [8](/login) [No-JS web IRC client that uses forms and a persistent HTTP connection](https://github.com/dgl/cgiirc/) [art](/t/art) [networking](/t/networking) [web](/t/web) [github.com/dgl](/origins/github.com%2Fdgl) [Archive.org](https://web.archive.org/web/3/https%3A%2F%2Fgithub.com%2Fdgl%2Fcgiirc%2F) | [Ghostarchive](https://ghostarchive.org/search?term=https%3A%2F%2Fgithub.com%2Fdgl%2Fcgiirc%2F) [8](/s/bgvhjs/no_js_web_irc_client_uses_forms_persistent)
16. [5](/login) [[RFC] JSIR: A High-Level IR for JavaScript](https://discourse.llvm.org/t/rfc-jsir-a-high-level-ir-for-javascript/90456) [compilers](/t/compilers) [javascript](/t/javascript) [discourse.llvm.org](/domains/discourse.llvm.org) [Archive.org](https://web.archive.org/web/3/https%3A%2F%2Fdiscourse.llvm.org%2Ft%2Frfc-jsir-a-high-level-ir-for-javascript%2F90456) | [Ghostarchive](https://ghostarchive.org/search?term=https%3A%2F%2Fdiscourse.llvm.org%2Ft%2Frfc-jsir-a-high-level-ir-for-javascript%2F90456) [0](/s/3yvhkz/rfc_jsir_high_level_ir_for_javascript)
17. [1](/login) [stricline: A meta-framework to help you easily build robust CLI apps with stricli](https://npmx.dev/package/stricline) [show](/t/show) [javascript](/t/javascript) [nodejs](/t/nodejs) [unix](/t/unix) [npmx.dev](/domains/npmx.dev) [Archive.org](https://web.archive.org/web/3/https%3A%2F%2Fnpmx.dev%2Fpackage%2Fstricline) | [Ghostarchive](https://ghostarchive.org/search?term=https%3A%2F%2Fnpmx.dev%2Fpackage%2Fstricline) [0](/s/zmdfbk/stricline_meta_framework_help_you_easily)
18. [15](/login) [Multi-agentic Software Development is a Distributed Systems Problem (AGI can&#39;t save you)](https://kirancodes.me/posts/log-distributed-llms.html) [compsci](/t/compsci) [distributed](/t/distributed) [vibecoding](/t/vibecoding) [kirancodes.me](/domains/kirancodes.me) [Archive.org](https://web.archive.org/web/3/https%3A%2F%2Fkirancodes.me%2Fposts%2Flog-distributed-llms.html) | [Ghostarchive](https://ghostarchive.org/search?term=https%3A%2F%2Fkirancodes.me%2Fposts%2Flog-distributed-llms.html) [10](/s/vjcymq/multi_agentic_software_development_is)
19. [23](/login) [Floating point from scratch: Hard Mode](https://essenceia.github.io/projects/floating_dragon/) [hardware](/t/hardware) [math](/t/math) [essenceia.github.io](/domains/essenceia.github.io) [Archive.org](https://web.archive.org/web/3/https%3A%2F%2Fessenceia.github.io%2Fprojects%2Ffloating_dragon%2F) | [Ghostarchive](https://ghostarchive.org/search?term=https%3A%2F%2Fessenceia.github.io%2Fprojects%2Ffloating_dragon%2F) [4](/s/4r5nkb/floating_point_from_scratch_hard_mode)
20. [100](/login) [A Cryptography Engineer’s Perspective on Quantum Computing Timelines](https://words.filippo.io/crqc-timeline/) [cryptography](/t/cryptography) [security](/t/security) [words.filippo.io](/domains/words.filippo.io) [Archive.org](https://web.archive.org/web/3/https%3A%2F%2Fwords.filippo.io%2Fcrqc-timeline%2F) | [Ghostarchive](https://ghostarchive.org/search?term=https%3A%2F%2Fwords.filippo.io%2Fcrqc-timeline%2F) [21](/s/pfoohx/cryptography_engineer_s_perspective_on)
21. [10](/login) [S3 Files and the changing face of S3](https://www.allthingsdistributed.com/2026/04/s3-files-and-the-changing-face-of-s3.html) [databases](/t/databases) [distributed](/t/distributed) [allthingsdistributed.com](/domains/allthingsdistributed.com) [Archive.org](https://web.archive.org/web/3/https%3A%2F%2Fwww.allthingsdistributed.com%2F2026%2F04%2Fs3-files-and-the-changing-face-of-s3.html) | [Ghostarchive](https://ghostarchive.org/search?term=https%3A%2F%2Fwww.allthingsdistributed.com%2F2026%2F04%2Fs3-files-and-the-changing-face-of-s3.html) [0](/s/tok8pz/s3_files_changing_face_s3)
22. [6](/login) [Wet Sidewalks and Odd Numbers](https://philcrissman.net/posts/wet-sidewalks-and-odd-numbers/) [compsci](/t/compsci) [programming](/t/programming) [philcrissman.net](/domains/philcrissman.net) [Archive.org](https://web.archive.org/web/3/https%3A%2F%2Fphilcrissman.net%2Fposts%2Fwet-sidewalks-and-odd-numbers%2F) | [Ghostarchive](https://ghostarchive.org/search?term=https%3A%2F%2Fphilcrissman.net%2Fposts%2Fwet-sidewalks-and-odd-numbers%2F) [0](/s/8fuoqd/wet_sidewalks_odd_numbers)
23. [7](/login) [The Apple Charging Situation](https://randsinrepose.com/guides/apple-charging-guide.html) [hardware](/t/hardware) [randsinrepose.com](/domains/randsinrepose.com) [Archive.org](https://web.archive.org/web/3/https%3A%2F%2Frandsinrepose.com%2Fguides%2Fapple-charging-guide.html) | [Ghostarchive](https://ghostarchive.org/search?term=https%3A%2F%2Frandsinrepose.com%2Fguides%2Fapple-charging-guide.html) [0](/s/1oe6sa/apple_charging_situation)
24. [16](/login) [the value of a performance oracle](https://wingolog.org/archives/2026/04/07/the-value-of-a-performance-oracle) [compilers](/t/compilers) [performance](/t/performance) [wingolog.org](/domains/wingolog.org) [Archive.org](https://web.archive.org/web/3/https%3A%2F%2Fwingolog.org%2Farchives%2F2026%2F04%2F07%2Fthe-value-of-a-performance-oracle) | [Ghostarchive](https://ghostarchive.org/search?term=https%3A%2F%2Fwingolog.org%2Farchives%2F2026%2F04%2F07%2Fthe-value-of-a-performance-oracle) [0](/s/sibep0/value_performance_oracle)
25. [49](/login) [Someone good at CSS help, my website design is dying](https://ahti.space/~nortti/writeups/my-website-design-is-dying.html) [css](/t/css) [ahti.space](/domains/ahti.space) [Archive.org](https://web.archive.org/web/3/https%3A%2F%2Fahti.space%2F~nortti%2Fwriteups%2Fmy-website-design-is-dying.html) | [Ghostarchive](https://ghostarchive.org/search?term=https%3A%2F%2Fahti.space%2F%7Enortti%2Fwriteups%2Fmy-website-design-is-dying.html) [9](/s/aqaobg/someone_good_at_css_help_my_website_design)
