---
source: tests/extract_web.rs
expression: result
---
# Keychron Q1 Pro QMK/VIA Wireless Mechanical Keyboard

Current price $199.00 USD

## Key Features

- QMK/VIA programmable — full keymap customization
- Bluetooth 5.1 + USB-C wired mode
- South-facing hot-swap PCB (compatible with most MX switches)
- Double-shot PBT keycaps, aluminum top case

## Specifications

| Layout | 75% (84 key) |
| Switch Type | Hot-swap, MX compatible |
| Connectivity | Bluetooth 5.1, USB-C |
| Battery | 4000 mAh |
| Weight | 1.35 kg (assembled) |
| Dimensions | 326 × 145 × 39 mm |
| SKU | Q1P-M1 |

## About This Item

The Q1 Pro is a premium 75% mechanical keyboard designed for enthusiasts who want wireless flexibility without compromising on build quality or firmware programmability.
